19:11:05 **** Incremental Build of configuration Debug for project practica4.1 ****
make -j8 all 
arm-none-eabi-gcc "../Drivers/API/SRC/API_delay.c" -mcpu=cortex-m4 -std=gnu11 -g3 -DDEBUG -DSTM32 -DSTM32F429ZITx -DSTM32F4 -DNUCLEO_F429ZI -DUSE_HAL_DRIVER -DSTM32F429xx -c -I../Inc -I"/home/jroberto/Documents/PdMicrocontroladores1/practica4.1/practica4.1/Drivers/STM32F4xx_HAL_Driver/Inc" -I"/home/jroberto/Documents/PdMicrocontroladores1/practica4.1/practica4.1/Drivers/CMSIS/Include" -I"/home/jroberto/Documents/PdMicrocontroladores1/practica4.1/practica4.1/Drivers/CMSIS/Device/ST/STM32F4xx/Include" -I"/home/jroberto/Documents/PdMicrocontroladores1/practica4.1/practica4.1/Drivers/BSP/STM32F4xx_Nucleo_144" -I"/home/jroberto/Documents/PdMicrocontroladores1/practica4.1/practica4.1/Drivers/Core/Inc" -I"/home/jroberto/Documents/PdMicrocontroladores1/practica4.1/practica4.1/Drivers/API/INC" -I"/home/jroberto/Documents/PdMicrocontroladores1/practica4.1/practica4.1/Drivers/API/SRC" -O0 -ffunction-sections -fdata-sections -Wall -fstack-usage -fcyclomatic-complexity -MMD -MP -MF"Drivers/API/SRC/API_delay.d" -MT"Drivers/API/SRC/API_delay.o" --specs=nano.specs -mfpu=fpv4-sp-d16 -mfloat-abi=soft -mthumb -o "Drivers/API/SRC/API_delay.o"
arm-none-eabi-gcc -o "practica4.1.elf" @"objects.list"   -mcpu=cortex-m4 -T"/home/jroberto/Documents/PdMicrocontroladores1/practica4.1/practica4.1/STM32F429ZITX_FLASH.ld" --specs=nosys.specs -Wl,-Map="practica4.1.map" -Wl,--gc-sections -static --specs=nano.specs -mfpu=fpv4-sp-d16 -mfloat-abi=soft -mthumb -Wl,--start-group -lc -lm -Wl,--end-group
Finished building target: practica4.1.elf
 
arm-none-eabi-size  practica4.1.elf 
arm-none-eabi-objdump -h -S practica4.1.elf  > "practica4.1.list"
   text	   data	    bss	    dec	    hex	filename
   6988	     36	   1604	   8628	   21b4	practica4.1.elf
Finished building: default.size.stdout
 
Finished building: practica4.1.list
 
19:11:11 **** Incremental Build of configuration Debug for project practica4.1 ****
make -j8 all 
arm-none-eabi-size  practica4.1.elf 
   text	   data	    bss	    dec	    hex	filename
   6988	     36	   1604	   8628	   21b4	practica4.1.elf
Finished building: default.size.stdout
 
