09:04:56 **** Incremental Build of configuration Debug for project practica4.2 ****
make -j8 all 
arm-none-eabi-gcc "../Drivers/API/src/API_debounce.c" -mcpu=cortex-m4 -std=gnu11 -g3 -DDEBUG -DSTM32 -DSTM32F429ZITx -DSTM32F4 -DNUCLEO_F429ZI -DUSE_HAL_DRIVER -DSTM32F429xx -c -I../Inc -I"/home/jroberto/Documents/PdMicrocontroladores1/practica4.1/practica4.2/Drivers/STM32F4xx_HAL_Driver/Inc" -I"/home/jroberto/Documents/PdMicrocontroladores1/practica4.1/practica4.2/Drivers/CMSIS/Include" -I"/home/jroberto/Documents/PdMicrocontroladores1/practica4.1/practica4.2/Drivers/CMSIS/Device/ST/STM32F4xx/Include" -I"/home/jroberto/Documents/PdMicrocontroladores1/practica4.1/practica4.2/Drivers/BSP/STM32F4xx_Nucleo_144" -I"/home/jroberto/Documents/PdMicrocontroladores1/practica4.1/practica4.2/Drivers/Core/Inc" -I"/home/jroberto/Documents/PdMicrocontroladores1/practica4.1/practica4.2/Drivers/API" -I"/home/jroberto/Documents/PdMicrocontroladores1/practica4.1/practica4.2/Drivers/API/inc" -I"/home/jroberto/Documents/PdMicrocontroladores1/practica4.1/practica4.2/Drivers/API/src" -O0 -ffunction-sections -fdata-sections -Wall -fstack-usage -fcyclomatic-complexity -MMD -MP -MF"Drivers/API/src/API_debounce.d" -MT"Drivers/API/src/API_debounce.o" --specs=nano.specs -mfpu=fpv4-sp-d16 -mfloat-abi=hard -mthumb -o "Drivers/API/src/API_debounce.o"
../Drivers/API/src/API_debounce.c: In function 'debounceFSM_init':
../Drivers/API/src/API_debounce.c:14:5: warning: implicit declaration of function 'delayInit' [-Wimplicit-function-declaration]
   14 |     delayInit(&blinkDelay); // Inicializar el delay para el parpadeo de los LEDs
      |     ^~~~~~~~~
../Drivers/API/src/API_debounce.c:15:5: warning: implicit declaration of function 'delayWrite' [-Wimplicit-function-declaration]
   15 |     delayWrite(&blinkDelay, current_blink_duration); // Inicialmente parpadear cada 100 ms
      |     ^~~~~~~~~~
../Drivers/API/src/API_debounce.c: In function 'debounceFSM_update':
../Drivers/API/src/API_debounce.c:29:13: warning: implicit declaration of function 'delayRead' [-Wimplicit-function-declaration]
   29 |             delayRead(&debounceDelay);
      |             ^~~~~~~~~
arm-none-eabi-gcc -o "practica4.2.elf" @"objects.list"   -mcpu=cortex-m4 -T"/home/jroberto/Documents/PdMicrocontroladores1/practica4.1/practica4.2/STM32F429ZITX_FLASH.ld" --specs=nosys.specs -Wl,-Map="practica4.2.map" -Wl,--gc-sections -static --specs=nano.specs -mfpu=fpv4-sp-d16 -mfloat-abi=hard -mthumb -Wl,--start-group -lc -lm -Wl,--end-group
Finished building target: practica4.2.elf
 
arm-none-eabi-size  practica4.2.elf 
arm-none-eabi-objdump -h -S practica4.2.elf  > "practica4.2.list"
   text	   data	    bss	    dec	    hex	filename
   7160	     40	   1616	   8816	   2270	practica4.2.elf
Finished building: default.size.stdout
 
Finished building: practica4.2.list
 
09:05:04 **** Incremental Build of configuration Debug for project practica4.2 ****
make -j8 all 
arm-none-eabi-size  practica4.2.elf 
   text	   data	    bss	    dec	    hex	filename
   7160	     40	   1616	   8816	   2270	practica4.2.elf
Finished building: default.size.stdout
 
