08:53:14 **** Incremental Build of configuration Debug for project practica4.1 ****
make -j8 all 
arm-none-eabi-gcc "../Drivers/API/src/API_debounce.c" -mcpu=cortex-m4 -std=gnu11 -g3 -DDEBUG -DSTM32 -DSTM32F429ZITx -DSTM32F4 -DNUCLEO_F429ZI -DUSE_HAL_DRIVER -DSTM32F429xx -c -I../Inc -I"/home/jroberto/Documents/PdMicrocontroladores1/practica4.1/practica4.1/Drivers/STM32F4xx_HAL_Driver/Inc" -I"/home/jroberto/Documents/PdMicrocontroladores1/practica4.1/practica4.1/Drivers/CMSIS/Include" -I"/home/jroberto/Documents/PdMicrocontroladores1/practica4.1/practica4.1/Drivers/CMSIS/Device/ST/STM32F4xx/Include" -I"/home/jroberto/Documents/PdMicrocontroladores1/practica4.1/practica4.1/Drivers/BSP/STM32F4xx_Nucleo_144" -I"/home/jroberto/Documents/PdMicrocontroladores1/practica4.1/practica4.1/Drivers/Core/Inc" -I"/home/jroberto/Documents/PdMicrocontroladores1/practica4.1/practica4.1/Drivers" -I"/home/jroberto/Documents/PdMicrocontroladores1/practica4.1/practica4.1/Drivers/API" -I"/home/jroberto/Documents/PdMicrocontroladores1/practica4.1/practica4.1/Drivers/API/inc" -I"/home/jroberto/Documents/PdMicrocontroladores1/practica4.1/practica4.1/Drivers/API/src" -O0 -ffunction-sections -fdata-sections -Wall -fstack-usage -fcyclomatic-complexity -MMD -MP -MF"Drivers/API/src/API_debounce.d" -MT"Drivers/API/src/API_debounce.o" --specs=nano.specs -mfpu=fpv4-sp-d16 -mfloat-abi=hard -mthumb -o "Drivers/API/src/API_debounce.o"
../Drivers/API/src/API_debounce.c: In function 'debounceFSM_init':
../Drivers/API/src/API_debounce.c:13:5: warning: implicit declaration of function 'delayInit' [-Wimplicit-function-declaration]
   13 |     delayInit(&blinkDelay); // Inicializar el delay para el parpadeo de los LEDs
      |     ^~~~~~~~~
../Drivers/API/src/API_debounce.c:14:5: warning: implicit declaration of function 'delayWrite' [-Wimplicit-function-declaration]
   14 |     delayWrite(&blinkDelay, 1000); // Inicialmente parpadear cada 100 ms
      |     ^~~~~~~~~~
../Drivers/API/src/API_debounce.c: In function 'debounceFSM_update':
../Drivers/API/src/API_debounce.c:28:13: warning: implicit declaration of function 'delayRead' [-Wimplicit-function-declaration]
   28 |             delayRead(&debounceDelay);
      |             ^~~~~~~~~
arm-none-eabi-gcc -o "practica4.1.elf" @"objects.list"   -mcpu=cortex-m4 -T"/home/jroberto/Documents/PdMicrocontroladores1/practica4.1/practica4.1/STM32F429ZITX_FLASH.ld" --specs=nosys.specs -Wl,-Map="practica4.1.map" -Wl,--gc-sections -static --specs=nano.specs -mfpu=fpv4-sp-d16 -mfloat-abi=hard -mthumb -Wl,--start-group -lc -lm -Wl,--end-group
Finished building target: practica4.1.elf
 
arm-none-eabi-size  practica4.1.elf 
arm-none-eabi-objdump -h -S practica4.1.elf  > "practica4.1.list"
   text	   data	    bss	    dec	    hex	filename
   7176	     36	   1612	   8824	   2278	practica4.1.elf
Finished building: default.size.stdout
 
Finished building: practica4.1.list
 

08:53:15 Build Finished. 0 errors, 3 warnings. (took 575ms)

